Archive member included because of file (symbol)

/Applications/SimplicityStudio_v3/developer/toolchains/gnu_arm/4.8_2013q4/bin/../lib/gcc/arm-none-eabi/4.8.3/armv7-m/libgcc.a(_aeabi_uldivmod.o)
                              ./emlib/em_usart.o (__aeabi_uldivmod)
/Applications/SimplicityStudio_v3/developer/toolchains/gnu_arm/4.8_2013q4/bin/../lib/gcc/arm-none-eabi/4.8.3/armv7-m/libgcc.a(bpabi.o)
                              /Applications/SimplicityStudio_v3/developer/toolchains/gnu_arm/4.8_2013q4/bin/../lib/gcc/arm-none-eabi/4.8.3/armv7-m/libgcc.a(_aeabi_uldivmod.o) (__gnu_uldivmod_helper)
/Applications/SimplicityStudio_v3/developer/toolchains/gnu_arm/4.8_2013q4/bin/../lib/gcc/arm-none-eabi/4.8.3/armv7-m/libgcc.a(_dvmd_tls.o)
                              /Applications/SimplicityStudio_v3/developer/toolchains/gnu_arm/4.8_2013q4/bin/../lib/gcc/arm-none-eabi/4.8.3/armv7-m/libgcc.a(_aeabi_uldivmod.o) (__aeabi_ldiv0)
/Applications/SimplicityStudio_v3/developer/toolchains/gnu_arm/4.8_2013q4/bin/../lib/gcc/arm-none-eabi/4.8.3/armv7-m/libgcc.a(_divdi3.o)
                              /Applications/SimplicityStudio_v3/developer/toolchains/gnu_arm/4.8_2013q4/bin/../lib/gcc/arm-none-eabi/4.8.3/armv7-m/libgcc.a(bpabi.o) (__divdi3)
/Applications/SimplicityStudio_v3/developer/toolchains/gnu_arm/4.8_2013q4/bin/../lib/gcc/arm-none-eabi/4.8.3/armv7-m/libgcc.a(_udivdi3.o)
                              /Applications/SimplicityStudio_v3/developer/toolchains/gnu_arm/4.8_2013q4/bin/../lib/gcc/arm-none-eabi/4.8.3/armv7-m/libgcc.a(bpabi.o) (__udivdi3)
/Applications/SimplicityStudio_v3/developer/toolchains/gnu_arm/4.8_2013q4/bin/../lib/gcc/arm-none-eabi/4.8.3/../../../../arm-none-eabi/lib/armv7-m/libc_s.a(lib_a-exit.o)
                              /Applications/SimplicityStudio_v3/developer/toolchains/gnu_arm/4.8_2013q4/bin/../lib/gcc/arm-none-eabi/4.8.3/../../../../arm-none-eabi/lib/armv7-m/crt0.o (exit)
/Applications/SimplicityStudio_v3/developer/toolchains/gnu_arm/4.8_2013q4/bin/../lib/gcc/arm-none-eabi/4.8.3/../../../../arm-none-eabi/lib/armv7-m/libc_s.a(lib_a-impure.o)
                              /Applications/SimplicityStudio_v3/developer/toolchains/gnu_arm/4.8_2013q4/bin/../lib/gcc/arm-none-eabi/4.8.3/../../../../arm-none-eabi/lib/armv7-m/libc_s.a(lib_a-exit.o) (_global_impure_ptr)
/Applications/SimplicityStudio_v3/developer/toolchains/gnu_arm/4.8_2013q4/bin/../lib/gcc/arm-none-eabi/4.8.3/../../../../arm-none-eabi/lib/armv7-m/libc_s.a(lib_a-init.o)
                              /Applications/SimplicityStudio_v3/developer/toolchains/gnu_arm/4.8_2013q4/bin/../lib/gcc/arm-none-eabi/4.8.3/../../../../arm-none-eabi/lib/armv7-m/crt0.o (__libc_init_array)
/Applications/SimplicityStudio_v3/developer/toolchains/gnu_arm/4.8_2013q4/bin/../lib/gcc/arm-none-eabi/4.8.3/../../../../arm-none-eabi/lib/armv7-m/libc_s.a(lib_a-memcpy-stub.o)
                              ./src/main.o (memcpy)
/Applications/SimplicityStudio_v3/developer/toolchains/gnu_arm/4.8_2013q4/bin/../lib/gcc/arm-none-eabi/4.8.3/../../../../arm-none-eabi/lib/armv7-m/libc_s.a(lib_a-memset.o)
                              /Applications/SimplicityStudio_v3/developer/toolchains/gnu_arm/4.8_2013q4/bin/../lib/gcc/arm-none-eabi/4.8.3/../../../../arm-none-eabi/lib/armv7-m/crt0.o (memset)
/Applications/SimplicityStudio_v3/developer/toolchains/gnu_arm/4.8_2013q4/bin/../lib/gcc/arm-none-eabi/4.8.3/../../../../arm-none-eabi/lib/armv7-m/libnosys.a(_exit.o)
                              /Applications/SimplicityStudio_v3/developer/toolchains/gnu_arm/4.8_2013q4/bin/../lib/gcc/arm-none-eabi/4.8.3/../../../../arm-none-eabi/lib/armv7-m/libc_s.a(lib_a-exit.o) (_exit)

Allocating common symbols
Common symbol       size              file

SystemCoreClock     0x4               ./CMSIS/efm32gg/system_efm32gg.o
temp                0x1               ./src/uart.o
mode                0x1               ./src/uart.o
gpio_data_x         0x8               ./src/gpio.o
gpio_data_y         0x8               ./src/gpio.o
rx_data             0x2               ./src/uart.o
msTicks             0x4               ./src/main.o
pwmWidthY           0x4               ./src/pwm.o
pwmWidthX           0x4               ./src/pwm.o

Discarded input sections

 .text          0x0000000000000000        0x0 /Applications/SimplicityStudio_v3/developer/toolchains/gnu_arm/4.8_2013q4/bin/../lib/gcc/arm-none-eabi/4.8.3/armv7-m/crti.o
 .data          0x0000000000000000        0x0 /Applications/SimplicityStudio_v3/developer/toolchains/gnu_arm/4.8_2013q4/bin/../lib/gcc/arm-none-eabi/4.8.3/armv7-m/crti.o
 .bss           0x0000000000000000        0x0 /Applications/SimplicityStudio_v3/developer/toolchains/gnu_arm/4.8_2013q4/bin/../lib/gcc/arm-none-eabi/4.8.3/armv7-m/crti.o
 .data          0x0000000000000000        0x4 /Applications/SimplicityStudio_v3/developer/toolchains/gnu_arm/4.8_2013q4/bin/../lib/gcc/arm-none-eabi/4.8.3/armv7-m/crtbegin.o
 .data          0x0000000000000000        0x0 /Applications/SimplicityStudio_v3/developer/toolchains/gnu_arm/4.8_2013q4/bin/../lib/gcc/arm-none-eabi/4.8.3/../../../../arm-none-eabi/lib/armv7-m/crt0.o
 .bss           0x0000000000000000        0x0 /Applications/SimplicityStudio_v3/developer/toolchains/gnu_arm/4.8_2013q4/bin/../lib/gcc/arm-none-eabi/4.8.3/../../../../arm-none-eabi/lib/armv7-m/crt0.o
 .ARM.extab     0x0000000000000000        0x0 /Applications/SimplicityStudio_v3/developer/toolchains/gnu_arm/4.8_2013q4/bin/../lib/gcc/arm-none-eabi/4.8.3/../../../../arm-none-eabi/lib/armv7-m/crt0.o
 .text          0x0000000000000000        0x0 ./src/gpio.o
 .data          0x0000000000000000        0x0 ./src/gpio.o
 .bss           0x0000000000000000        0x0 ./src/gpio.o
 .text.NVIC_EnableIRQ
                0x0000000000000000       0x30 ./src/gpio.o
 .text.gpioInit
                0x0000000000000000       0xd4 ./src/gpio.o
 .text.gpioEnableISR
                0x0000000000000000       0x14 ./src/gpio.o
 .text          0x0000000000000000        0x0 ./src/main.o
 .data          0x0000000000000000        0x0 ./src/main.o
 .bss           0x0000000000000000        0x0 ./src/main.o
 .bss.flag      0x0000000000000000        0x4 ./src/main.o
 .text          0x0000000000000000        0x0 ./src/pwm.o
 .data          0x0000000000000000        0x0 ./src/pwm.o
 .bss           0x0000000000000000        0x0 ./src/pwm.o
 .text.transEnableLedISR
                0x0000000000000000       0x18 ./src/pwm.o
 .text          0x0000000000000000        0x0 ./src/uart.o
 .data          0x0000000000000000        0x0 ./src/uart.o
 .bss           0x0000000000000000        0x0 ./src/uart.o
 .text.usart_send_data
                0x0000000000000000       0x20 ./src/uart.o
 .text.usart_send_string
                0x0000000000000000       0x38 ./src/uart.o
 .text          0x0000000000000000        0x0 ./emlib/em_assert.o
 .data          0x0000000000000000        0x0 ./emlib/em_assert.o
 .bss           0x0000000000000000        0x0 ./emlib/em_assert.o
 .text          0x0000000000000000        0x0 ./emlib/em_cmu.o
 .data          0x0000000000000000        0x0 ./emlib/em_cmu.o
 .bss           0x0000000000000000        0x0 ./emlib/em_cmu.o
 .text.BUS_RegBitRead
                0x0000000000000000       0x2c ./emlib/em_cmu.o
 .text.CMU_Log2ToDiv
                0x0000000000000000       0x1c ./emlib/em_cmu.o
 .text.flashWaitStateControl
                0x0000000000000000       0xb8 ./emlib/em_cmu.o
 .text.flashWaitStateMax
                0x0000000000000000       0x14 ./emlib/em_cmu.o
 .text.CMU_AUXHFRCOBandGet
                0x0000000000000000       0x20 ./emlib/em_cmu.o
 .text.CMU_AUXHFRCOBandSet
                0x0000000000000000       0xb8 ./emlib/em_cmu.o
 .text.CMU_Calibrate
                0x0000000000000000       0xac ./emlib/em_cmu.o
 .text.CMU_CalibrateConfig
                0x0000000000000000       0xfc ./emlib/em_cmu.o
 .text.CMU_CalibrateCountGet
                0x0000000000000000       0x38 ./emlib/em_cmu.o
 .text.CMU_ClockDivGet
                0x0000000000000000      0x198 ./emlib/em_cmu.o
 .text.CMU_ClockDivSet
                0x0000000000000000      0x2f4 ./emlib/em_cmu.o
 .text.CMU_ClockSelectSet
                0x0000000000000000      0x2e0 ./emlib/em_cmu.o
 .text.CMU_FreezeEnable
                0x0000000000000000       0x38 ./emlib/em_cmu.o
 .text.CMU_HFRCOBandGet
                0x0000000000000000       0x20 ./emlib/em_cmu.o
 .text.CMU_HFRCOBandSet
                0x0000000000000000       0xd8 ./emlib/em_cmu.o
 .text.CMU_HFRCOStartupDelayGet
                0x0000000000000000       0x1c ./emlib/em_cmu.o
 .text.CMU_HFRCOStartupDelaySet
                0x0000000000000000       0x40 ./emlib/em_cmu.o
 .text.CMU_LCDClkFDIVGet
                0x0000000000000000       0x1c ./emlib/em_cmu.o
 .text.CMU_LCDClkFDIVSet
                0x0000000000000000       0x4c ./emlib/em_cmu.o
 .text.CMU_OscillatorEnable
                0x0000000000000000       0xd4 ./emlib/em_cmu.o
 .text.CMU_OscillatorTuningGet
                0x0000000000000000       0x5c ./emlib/em_cmu.o
 .text.CMU_OscillatorTuningSet
                0x0000000000000000       0xb0 ./emlib/em_cmu.o
 .text.CMU_PCNTClockExternalGet
                0x0000000000000000       0x60 ./emlib/em_cmu.o
 .text.CMU_PCNTClockExternalSet
                0x0000000000000000       0x48 ./emlib/em_cmu.o
 .text          0x0000000000000000        0x0 ./emlib/em_ebi.o
 .data          0x0000000000000000        0x0 ./emlib/em_ebi.o
 .bss           0x0000000000000000        0x0 ./emlib/em_ebi.o
 .text.EBI_TFTFrameBaseSet
                0x0000000000000000       0x1c ./emlib/em_ebi.o
 .text.BUS_RegBitWrite
                0x0000000000000000       0x2c ./emlib/em_ebi.o
 .text.EBI_Init
                0x0000000000000000      0x354 ./emlib/em_ebi.o
 .text.EBI_Disable
                0x0000000000000000       0x1c ./emlib/em_ebi.o
 .text.EBI_BankEnable
                0x0000000000000000       0x70 ./emlib/em_ebi.o
 .rodata        0x0000000000000000       0x50 ./emlib/em_ebi.o
 .text.EBI_BankAddress
                0x0000000000000000      0x104 ./emlib/em_ebi.o
 .text.EBI_ChipSelectEnable
                0x0000000000000000       0x70 ./emlib/em_ebi.o
 .text.EBI_PolaritySet
                0x0000000000000000      0x100 ./emlib/em_ebi.o
 .text.EBI_ReadTimingSet
                0x0000000000000000       0x70 ./emlib/em_ebi.o
 .text.EBI_WriteTimingSet
                0x0000000000000000       0x70 ./emlib/em_ebi.o
 .text.EBI_AddressTimingSet
                0x0000000000000000       0x58 ./emlib/em_ebi.o
 .text.EBI_TFTInit
                0x0000000000000000      0x100 ./emlib/em_ebi.o
 .text.EBI_TFTSizeSet
                0x0000000000000000       0x50 ./emlib/em_ebi.o
 .text.EBI_TFTHPorchSet
                0x0000000000000000       0x60 ./emlib/em_ebi.o
 .text.EBI_TFTVPorchSet
                0x0000000000000000       0x60 ./emlib/em_ebi.o
 .text.EBI_TFTTimingSet
                0x0000000000000000       0x78 ./emlib/em_ebi.o
 .text.EBI_BankReadTimingConfig
                0x0000000000000000       0xf4 ./emlib/em_ebi.o
 .text.EBI_BankReadTimingSet
                0x0000000000000000       0xe8 ./emlib/em_ebi.o
 .text.EBI_BankWriteTimingConfig
                0x0000000000000000       0xc8 ./emlib/em_ebi.o
 .text.EBI_BankWriteTimingSet
                0x0000000000000000       0xe8 ./emlib/em_ebi.o
 .text.EBI_BankAddressTimingConfig
                0x0000000000000000       0x94 ./emlib/em_ebi.o
 .text.EBI_BankAddressTimingSet
                0x0000000000000000       0xd0 ./emlib/em_ebi.o
 .text.EBI_BankPolaritySet
                0x0000000000000000      0x188 ./emlib/em_ebi.o
 .text.EBI_BankByteLaneEnable
                0x0000000000000000       0x88 ./emlib/em_ebi.o
 .text.EBI_AltMapEnable
                0x0000000000000000       0x20 ./emlib/em_ebi.o
 .debug_info    0x0000000000000000     0x10a1 ./emlib/em_ebi.o
 .debug_abbrev  0x0000000000000000      0x1c8 ./emlib/em_ebi.o
 .debug_loc     0x0000000000000000      0x56c ./emlib/em_ebi.o
 .debug_aranges
                0x0000000000000000       0xe0 ./emlib/em_ebi.o
 .debug_ranges  0x0000000000000000       0xd0 ./emlib/em_ebi.o
 .debug_line    0x0000000000000000      0x685 ./emlib/em_ebi.o
 .debug_str     0x0000000000000000      0xdcc ./emlib/em_ebi.o
 .comment       0x0000000000000000       0x71 ./emlib/em_ebi.o
 .ARM.attributes
                0x0000000000000000       0x33 ./emlib/em_ebi.o
 .debug_frame   0x0000000000000000      0x320 ./emlib/em_ebi.o
 .text          0x0000000000000000        0x0 ./emlib/em_emu.o
 .data          0x0000000000000000        0x0 ./emlib/em_emu.o
 .bss           0x0000000000000000        0x0 ./emlib/em_emu.o
 .text.SystemCoreClockUpdate
                0x0000000000000000        0xc ./emlib/em_emu.o
 .text.BUS_RegBitWrite
                0x0000000000000000       0x2c ./emlib/em_emu.o
 .text.EMU_BUPinEnable
                0x0000000000000000       0x20 ./emlib/em_emu.o
 .text.EMU_Unlock
                0x0000000000000000       0x18 ./emlib/em_emu.o
 .text.CMU_Lock
                0x0000000000000000       0x18 ./emlib/em_emu.o
 .text.CMU_Unlock
                0x0000000000000000       0x1c ./emlib/em_emu.o
 .bss.cmuStatus
                0x0000000000000000        0x4 ./emlib/em_emu.o
 .text.emuRestore
                0x0000000000000000       0xf0 ./emlib/em_emu.o
 .text.getErrataFixEmuE107En
                0x0000000000000000       0x68 ./emlib/em_emu.o
 .text.EMU_EnterEM2
                0x0000000000000000       0x9c ./emlib/em_emu.o
 .text.EMU_EnterEM3
                0x0000000000000000       0xbc ./emlib/em_emu.o
 .text.EMU_EnterEM4
                0x0000000000000000       0x50 ./emlib/em_emu.o
 .rodata        0x0000000000000000       0x50 ./emlib/em_emu.o
 .text.EMU_MemPwrDown
                0x0000000000000000       0x2c ./emlib/em_emu.o
 .text.EMU_UpdateOscConfig
                0x0000000000000000       0x1c ./emlib/em_emu.o
 .text.EMU_EM23Init
                0x0000000000000000       0x34 ./emlib/em_emu.o
 .text.EMU_EM4Init
                0x0000000000000000       0x50 ./emlib/em_emu.o
 .text.EMU_BUPDInit
                0x0000000000000000       0xcc ./emlib/em_emu.o
 .text.EMU_BUThresholdSet
                0x0000000000000000       0x6c ./emlib/em_emu.o
 .text.EMU_BUThresRangeSet
                0x0000000000000000       0x70 ./emlib/em_emu.o
 .debug_info    0x0000000000000000      0xd7d ./emlib/em_emu.o
 .debug_abbrev  0x0000000000000000      0x252 ./emlib/em_emu.o
 .debug_loc     0x0000000000000000      0x3b4 ./emlib/em_emu.o
 .debug_aranges
                0x0000000000000000       0xa8 ./emlib/em_emu.o
 .debug_ranges  0x0000000000000000       0x98 ./emlib/em_emu.o
 .debug_line    0x0000000000000000      0x4de ./emlib/em_emu.o
 .debug_str     0x0000000000000000      0x825 ./emlib/em_emu.o
 .comment       0x0000000000000000       0x71 ./emlib/em_emu.o
 .ARM.attributes
                0x0000000000000000       0x33 ./emlib/em_emu.o
 .debug_frame   0x0000000000000000      0x21c ./emlib/em_emu.o
 .text          0x0000000000000000        0x0 ./emlib/em_gpio.o
 .data          0x0000000000000000        0x0 ./emlib/em_gpio.o
 .bss           0x0000000000000000        0x0 ./emlib/em_gpio.o
 .text.BUS_RegBitWrite
                0x0000000000000000       0x2c ./emlib/em_gpio.o
 .text.GPIO_EM4SetPinRetention
                0x0000000000000000       0x40 ./emlib/em_gpio.o
 .text.GPIO_DbgLocationSet
                0x0000000000000000       0x3c ./emlib/em_gpio.o
 .text.GPIO_DriveModeSet
                0x0000000000000000       0x78 ./emlib/em_gpio.o
 .text.GPIO_IntConfig
                0x0000000000000000      0x110 ./emlib/em_gpio.o
 .text.GPIO_EM4EnablePinWakeup
                0x0000000000000000       0x84 ./emlib/em_gpio.o
 .text          0x0000000000000000        0x0 ./emlib/em_system.o
 .data          0x0000000000000000        0x0 ./emlib/em_system.o
 .bss           0x0000000000000000        0x0 ./emlib/em_system.o
 .text.SYSTEM_GetCalibrationValue
                0x0000000000000000       0x5c ./emlib/em_system.o
 .text          0x0000000000000000        0x0 ./emlib/em_timer.o
 .data          0x0000000000000000        0x0 ./emlib/em_timer.o
 .bss           0x0000000000000000        0x0 ./emlib/em_timer.o
 .text.TIMER_EnableDTI
                0x0000000000000000       0x4c ./emlib/em_timer.o
 .text.TIMER_GetDTIFault
                0x0000000000000000       0x30 ./emlib/em_timer.o
 .text.TIMER_ClearDTIFault
                0x0000000000000000       0x34 ./emlib/em_timer.o
 .text.TIMER_InitDTI
                0x0000000000000000      0x11c ./emlib/em_timer.o
 .text.TIMER_Reset
                0x0000000000000000       0xe0 ./emlib/em_timer.o
 .text          0x0000000000000000        0x0 ./emlib/em_usart.o
 .data          0x0000000000000000        0x0 ./emlib/em_usart.o
 .bss           0x0000000000000000        0x0 ./emlib/em_usart.o
 .text.BUS_RegMaskedWrite
                0x0000000000000000       0x28 ./emlib/em_usart.o
 .rodata        0x0000000000000000       0x50 ./emlib/em_usart.o
 .text.USART_BaudrateAsyncSet
                0x0000000000000000      0x130 ./emlib/em_usart.o
 .text.USART_BaudrateCalc
                0x0000000000000000      0x11c ./emlib/em_usart.o
 .text.USART_BaudrateGet
                0x0000000000000000       0x50 ./emlib/em_usart.o
 .text.USART_BaudrateSyncSet
                0x0000000000000000       0xa0 ./emlib/em_usart.o
 .text.USART_Enable
                0x0000000000000000       0x78 ./emlib/em_usart.o
 .text.USART_InitAsync
                0x0000000000000000       0xc0 ./emlib/em_usart.o
 .text.USART_InitSync
                0x0000000000000000       0xd8 ./emlib/em_usart.o
 .text.USART_InitIrDA
                0x0000000000000000       0x74 ./emlib/em_usart.o
 .text.USART_InitI2s
                0x0000000000000000       0xa0 ./emlib/em_usart.o
 .text.USART_InitPrsTrigger
                0x0000000000000000       0x60 ./emlib/em_usart.o
 .text.USART_Reset
                0x0000000000000000       0xb8 ./emlib/em_usart.o
 .text.USART_Rx
                0x0000000000000000       0x28 ./emlib/em_usart.o
 .text.USART_RxDouble
                0x0000000000000000       0x28 ./emlib/em_usart.o
 .text.USART_RxDoubleExt
                0x0000000000000000       0x28 ./emlib/em_usart.o
 .text.USART_RxExt
                0x0000000000000000       0x28 ./emlib/em_usart.o
 .text.USART_SpiTransfer
                0x0000000000000000       0x40 ./emlib/em_usart.o
 .text.USART_Tx
                0x0000000000000000       0x2c ./emlib/em_usart.o
 .text.USART_TxDouble
                0x0000000000000000       0x2c ./emlib/em_usart.o
 .text.USART_TxDoubleExt
                0x0000000000000000       0x28 ./emlib/em_usart.o
 .text.USART_TxExt
                0x0000000000000000       0x2c ./emlib/em_usart.o
 .debug_info    0x0000000000000000      0xecf ./emlib/em_usart.o
 .debug_abbrev  0x0000000000000000      0x1dd ./emlib/em_usart.o
 .debug_loc     0x0000000000000000      0x49a ./emlib/em_usart.o
 .debug_aranges
                0x0000000000000000       0xc0 ./emlib/em_usart.o
 .debug_ranges  0x0000000000000000       0xb0 ./emlib/em_usart.o
 .debug_line    0x0000000000000000      0x577 ./emlib/em_usart.o
 .debug_str     0x0000000000000000      0xdd5 ./emlib/em_usart.o
 .comment       0x0000000000000000       0x71 ./emlib/em_usart.o
 .ARM.attributes
                0x0000000000000000       0x33 ./emlib/em_usart.o
 .debug_frame   0x0000000000000000      0x284 ./emlib/em_usart.o
 .data          0x0000000000000000        0x0 ./CMSIS/efm32gg/startup_efm32gg.o
 .bss           0x0000000000000000        0x0 ./CMSIS/efm32gg/startup_efm32gg.o
 .text          0x0000000000000000        0x0 ./CMSIS/efm32gg/system_efm32gg.o
 .data          0x0000000000000000        0x0 ./CMSIS/efm32gg/system_efm32gg.o
 .bss           0x0000000000000000        0x0 ./CMSIS/efm32gg/system_efm32gg.o
 .text.SystemMaxCoreClockGet
                0x0000000000000000       0x14 ./CMSIS/efm32gg/system_efm32gg.o
 .text.SystemHFXOClockGet
                0x0000000000000000       0x18 ./CMSIS/efm32gg/system_efm32gg.o
 .text.SystemHFXOClockSet
                0x0000000000000000       0x2c ./CMSIS/efm32gg/system_efm32gg.o
 .text.SystemLFXOClockSet
                0x0000000000000000       0x2c ./CMSIS/efm32gg/system_efm32gg.o
 .text          0x0000000000000000        0x0 ./BSP/bsp_bcc.o
 .data          0x0000000000000000        0x0 ./BSP/bsp_bcc.o
 .bss           0x0000000000000000        0x0 ./BSP/bsp_bcc.o
 .bss.rxByteCount
                0x0000000000000000        0x4 ./BSP/bsp_bcc.o
 .bss.txByteCount
                0x0000000000000000        0x4 ./BSP/bsp_bcc.o
 .text.BSP_BccDeInit
                0x0000000000000000       0x40 ./BSP/bsp_bcc.o
 .rodata        0x0000000000000000       0x18 ./BSP/bsp_bcc.o
 .text.BSP_BccInit
                0x0000000000000000       0x74 ./BSP/bsp_bcc.o
 .text.BSP_BccPacketReceive
                0x0000000000000000       0xac ./BSP/bsp_bcc.o
 .text.BSP_BccPacketSend
                0x0000000000000000       0x68 ./BSP/bsp_bcc.o
 .text.BSP_BccPinsEnable
                0x0000000000000000       0x80 ./BSP/bsp_bcc.o
 .text.RxByte   0x0000000000000000       0x3c ./BSP/bsp_bcc.o
 .text.TxByte   0x0000000000000000       0x3c ./BSP/bsp_bcc.o
 .debug_info    0x0000000000000000      0x81f ./BSP/bsp_bcc.o
 .debug_abbrev  0x0000000000000000      0x1b7 ./BSP/bsp_bcc.o
 .debug_loc     0x0000000000000000      0x17c ./BSP/bsp_bcc.o
 .debug_aranges
                0x0000000000000000       0x50 ./BSP/bsp_bcc.o
 .debug_ranges  0x0000000000000000       0x40 ./BSP/bsp_bcc.o
 .debug_line    0x0000000000000000      0x307 ./BSP/bsp_bcc.o
 .debug_str     0x0000000000000000      0xa73 ./BSP/bsp_bcc.o
 .comment       0x0000000000000000       0x71 ./BSP/bsp_bcc.o
 .ARM.attributes
                0x0000000000000000       0x33 ./BSP/bsp_bcc.o
 .debug_frame   0x0000000000000000       0xe8 ./BSP/bsp_bcc.o
 .text          0x0000000000000000        0x0 ./BSP/bsp_stk.o
 .data          0x0000000000000000        0x0 ./BSP/bsp_stk.o
 .bss           0x0000000000000000        0x0 ./BSP/bsp_stk.o
 .text.BSP_Disable
                0x0000000000000000       0x14 ./BSP/bsp_stk.o
 .rodata        0x0000000000000000       0x50 ./BSP/bsp_stk.o
 .text.BSP_EbiInit
                0x0000000000000000      0x11c ./BSP/bsp_stk.o
 .text.BSP_EbiDeInit
                0x0000000000000000       0x10 ./BSP/bsp_stk.o
 .text.BSP_Init
                0x0000000000000000       0x20 ./BSP/bsp_stk.o
 .text.BSP_CurrentGet
                0x0000000000000000       0x44 ./BSP/bsp_stk.o
 .text.BSP_VoltageGet
                0x0000000000000000       0x44 ./BSP/bsp_stk.o
 .debug_info    0x0000000000000000      0xa1f ./BSP/bsp_stk.o
 .debug_abbrev  0x0000000000000000      0x165 ./BSP/bsp_stk.o
 .debug_loc     0x0000000000000000      0x13e ./BSP/bsp_stk.o
 .debug_aranges
                0x0000000000000000       0x48 ./BSP/bsp_stk.o
 .debug_ranges  0x0000000000000000       0x38 ./BSP/bsp_stk.o
 .debug_line    0x0000000000000000      0x2af ./BSP/bsp_stk.o
 .debug_str     0x0000000000000000      0xb9b ./BSP/bsp_stk.o
 .comment       0x0000000000000000       0x71 ./BSP/bsp_stk.o
 .ARM.attributes
                0x0000000000000000       0x33 ./BSP/bsp_stk.o
 .debug_frame   0x0000000000000000       0xc4 ./BSP/bsp_stk.o
 .text          0x0000000000000000        0x0 ./BSP/bsp_stk_leds.o
 .data          0x0000000000000000        0x0 ./BSP/bsp_stk_leds.o
 .bss           0x0000000000000000        0x0 ./BSP/bsp_stk_leds.o
 .text.BUS_RegBitRead
                0x0000000000000000       0x2c ./BSP/bsp_stk_leds.o
 .text.GPIO_PinOutGet
                0x0000000000000000       0x98 ./BSP/bsp_stk_leds.o
 .text.GPIO_PinOutToggle
                0x0000000000000000       0x98 ./BSP/bsp_stk_leds.o
 .text.BSP_LedsGet
                0x0000000000000000       0x5c ./BSP/bsp_stk_leds.o
 .text.BSP_LedsSet
                0x0000000000000000       0x74 ./BSP/bsp_stk_leds.o
 .text.BSP_LedGet
                0x0000000000000000       0x48 ./BSP/bsp_stk_leds.o
 .text.BSP_LedToggle
                0x0000000000000000       0x44 ./BSP/bsp_stk_leds.o
 .text          0x0000000000000000        0x0 ./BSP/bsp_trace.o
 .data          0x0000000000000000        0x0 ./BSP/bsp_trace.o
 .bss           0x0000000000000000        0x0 ./BSP/bsp_trace.o
 .text.BSP_TraceSwoSetup
                0x0000000000000000       0xec ./BSP/bsp_trace.o
 .text.BSP_TraceProfilerSetup
                0x0000000000000000       0x28 ./BSP/bsp_trace.o
 .debug_info    0x0000000000000000      0xae7 ./BSP/bsp_trace.o
 .debug_abbrev  0x0000000000000000      0x154 ./BSP/bsp_trace.o
 .debug_loc     0x0000000000000000       0x64 ./BSP/bsp_trace.o
 .debug_aranges
                0x0000000000000000       0x28 ./BSP/bsp_trace.o
 .debug_ranges  0x0000000000000000       0x18 ./BSP/bsp_trace.o
 .debug_line    0x0000000000000000      0x208 ./BSP/bsp_trace.o
 .debug_str     0x0000000000000000      0x55f ./BSP/bsp_trace.o
 .comment       0x0000000000000000       0x71 ./BSP/bsp_trace.o
 .ARM.attributes
                0x0000000000000000       0x33 ./BSP/bsp_trace.o
 .debug_frame   0x0000000000000000       0x48 ./BSP/bsp_trace.o
 .text          0x0000000000000000       0x2c /Applications/SimplicityStudio_v3/developer/toolchains/gnu_arm/4.8_2013q4/bin/../lib/gcc/arm-none-eabi/4.8.3/armv7-m/libgcc.a(_aeabi_uldivmod.o)
 .data          0x0000000000000000        0x0 /Applications/SimplicityStudio_v3/developer/toolchains/gnu_arm/4.8_2013q4/bin/../lib/gcc/arm-none-eabi/4.8.3/armv7-m/libgcc.a(_aeabi_uldivmod.o)
 .bss           0x0000000000000000        0x0 /Applications/SimplicityStudio_v3/developer/toolchains/gnu_arm/4.8_2013q4/bin/../lib/gcc/arm-none-eabi/4.8.3/armv7-m/libgcc.a(_aeabi_uldivmod.o)
 .ARM.attributes
                0x0000000000000000       0x1d /Applications/SimplicityStudio_v3/developer/toolchains/gnu_arm/4.8_2013q4/bin/../lib/gcc/arm-none-eabi/4.8.3/armv7-m/libgcc.a(_aeabi_uldivmod.o)
 .text          0x0000000000000000       0x60 /Applications/SimplicityStudio_v3/developer/toolchains/gnu_arm/4.8_2013q4/bin/../lib/gcc/arm-none-eabi/4.8.3/armv7-m/libgcc.a(bpabi.o)
 .data          0x0000000000000000        0x0 /Applications/SimplicityStudio_v3/developer/toolchains/gnu_arm/4.8_2013q4/bin/../lib/gcc/arm-none-eabi/4.8.3/armv7-m/libgcc.a(bpabi.o)
 .bss           0x0000000000000000        0x0 /Applications/SimplicityStudio_v3/developer/toolchains/gnu_arm/4.8_2013q4/bin/../lib/gcc/arm-none-eabi/4.8.3/armv7-m/libgcc.a(bpabi.o)
 .ARM.attributes
                0x0000000000000000       0x2d /Applications/SimplicityStudio_v3/developer/toolchains/gnu_arm/4.8_2013q4/bin/../lib/gcc/arm-none-eabi/4.8.3/armv7-m/libgcc.a(bpabi.o)
 .debug_frame   0x0000000000000000       0x58 /Applications/SimplicityStudio_v3/developer/toolchains/gnu_arm/4.8_2013q4/bin/../lib/gcc/arm-none-eabi/4.8.3/armv7-m/libgcc.a(bpabi.o)
 .text          0x0000000000000000        0x4 /Applications/SimplicityStudio_v3/developer/toolchains/gnu_arm/4.8_2013q4/bin/../lib/gcc/arm-none-eabi/4.8.3/armv7-m/libgcc.a(_dvmd_tls.o)
 .data          0x0000000000000000        0x0 /Applications/SimplicityStudio_v3/developer/toolchains/gnu_arm/4.8_2013q4/bin/../lib/gcc/arm-none-eabi/4.8.3/armv7-m/libgcc.a(_dvmd_tls.o)
 .bss           0x0000000000000000        0x0 /Applications/SimplicityStudio_v3/developer/toolchains/gnu_arm/4.8_2013q4/bin/../lib/gcc/arm-none-eabi/4.8.3/armv7-m/libgcc.a(_dvmd_tls.o)
 .ARM.attributes
                0x0000000000000000       0x1d /Applications/SimplicityStudio_v3/developer/toolchains/gnu_arm/4.8_2013q4/bin/../lib/gcc/arm-none-eabi/4.8.3/armv7-m/libgcc.a(_dvmd_tls.o)
 .text          0x0000000000000000      0x2a0 /Applications/SimplicityStudio_v3/developer/toolchains/gnu_arm/4.8_2013q4/bin/../lib/gcc/arm-none-eabi/4.8.3/armv7-m/libgcc.a(_divdi3.o)
 .data          0x0000000000000000        0x0 /Applications/SimplicityStudio_v3/developer/toolchains/gnu_arm/4.8_2013q4/bin/../lib/gcc/arm-none-eabi/4.8.3/armv7-m/libgcc.a(_divdi3.o)
 .bss           0x0000000000000000        0x0 /Applications/SimplicityStudio_v3/developer/toolchains/gnu_arm/4.8_2013q4/bin/../lib/gcc/arm-none-eabi/4.8.3/armv7-m/libgcc.a(_divdi3.o)
 .ARM.extab     0x0000000000000000        0x0 /Applications/SimplicityStudio_v3/developer/toolchains/gnu_arm/4.8_2013q4/bin/../lib/gcc/arm-none-eabi/4.8.3/armv7-m/libgcc.a(_divdi3.o)
 .ARM.exidx     0x0000000000000000        0x8 /Applications/SimplicityStudio_v3/developer/toolchains/gnu_arm/4.8_2013q4/bin/../lib/gcc/arm-none-eabi/4.8.3/armv7-m/libgcc.a(_divdi3.o)
 .ARM.attributes
                0x0000000000000000       0x2d /Applications/SimplicityStudio_v3/developer/toolchains/gnu_arm/4.8_2013q4/bin/../lib/gcc/arm-none-eabi/4.8.3/armv7-m/libgcc.a(_divdi3.o)
 .debug_frame   0x0000000000000000       0x34 /Applications/SimplicityStudio_v3/developer/toolchains/gnu_arm/4.8_2013q4/bin/../lib/gcc/arm-none-eabi/4.8.3/armv7-m/libgcc.a(_divdi3.o)
 .text          0x0000000000000000      0x290 /Applications/SimplicityStudio_v3/developer/toolchains/gnu_arm/4.8_2013q4/bin/../lib/gcc/arm-none-eabi/4.8.3/armv7-m/libgcc.a(_udivdi3.o)
 .data          0x0000000000000000        0x0 /Applications/SimplicityStudio_v3/developer/toolchains/gnu_arm/4.8_2013q4/bin/../lib/gcc/arm-none-eabi/4.8.3/armv7-m/libgcc.a(_udivdi3.o)
 .bss           0x0000000000000000        0x0 /Applications/SimplicityStudio_v3/developer/toolchains/gnu_arm/4.8_2013q4/bin/../lib/gcc/arm-none-eabi/4.8.3/armv7-m/libgcc.a(_udivdi3.o)
 .ARM.extab     0x0000000000000000        0x0 /Applications/SimplicityStudio_v3/developer/toolchains/gnu_arm/4.8_2013q4/bin/../lib/gcc/arm-none-eabi/4.8.3/armv7-m/libgcc.a(_udivdi3.o)
 .ARM.exidx     0x0000000000000000        0x8 /Applications/SimplicityStudio_v3/developer/toolchains/gnu_arm/4.8_2013q4/bin/../lib/gcc/arm-none-eabi/4.8.3/armv7-m/libgcc.a(_udivdi3.o)
 .ARM.attributes
                0x0000000000000000       0x2d /Applications/SimplicityStudio_v3/developer/toolchains/gnu_arm/4.8_2013q4/bin/../lib/gcc/arm-none-eabi/4.8.3/armv7-m/libgcc.a(_udivdi3.o)
 .debug_frame   0x0000000000000000       0x34 /Applications/SimplicityStudio_v3/developer/toolchains/gnu_arm/4.8_2013q4/bin/../lib/gcc/arm-none-eabi/4.8.3/armv7-m/libgcc.a(_udivdi3.o)
 .text          0x0000000000000000        0x0 /Applications/SimplicityStudio_v3/developer/toolchains/gnu_arm/4.8_2013q4/bin/../lib/gcc/arm-none-eabi/4.8.3/../../../../arm-none-eabi/lib/armv7-m/libc_s.a(lib_a-exit.o)
 .data          0x0000000000000000        0x0 /Applications/SimplicityStudio_v3/developer/toolchains/gnu_arm/4.8_2013q4/bin/../lib/gcc/arm-none-eabi/4.8.3/../../../../arm-none-eabi/lib/armv7-m/libc_s.a(lib_a-exit.o)
 .bss           0x0000000000000000        0x0 /Applications/SimplicityStudio_v3/developer/toolchains/gnu_arm/4.8_2013q4/bin/../lib/gcc/arm-none-eabi/4.8.3/../../../../arm-none-eabi/lib/armv7-m/libc_s.a(lib_a-exit.o)
 .text          0x0000000000000000        0x0 /Applications/SimplicityStudio_v3/developer/toolchains/gnu_arm/4.8_2013q4/bin/../lib/gcc/arm-none-eabi/4.8.3/../../../../arm-none-eabi/lib/armv7-m/libc_s.a(lib_a-impure.o)
 .data          0x0000000000000000        0x0 /Applications/SimplicityStudio_v3/developer/toolchains/gnu_arm/4.8_2013q4/bin/../lib/gcc/arm-none-eabi/4.8.3/../../../../arm-none-eabi/lib/armv7-m/libc_s.a(lib_a-impure.o)
 .bss           0x0000000000000000        0x0 /Applications/SimplicityStudio_v3/developer/toolchains/gnu_arm/4.8_2013q4/bin/../lib/gcc/arm-none-eabi/4.8.3/../../../../arm-none-eabi/lib/armv7-m/libc_s.a(lib_a-impure.o)
 .data._impure_ptr
                0x0000000000000000        0x4 /Applications/SimplicityStudio_v3/developer/toolchains/gnu_arm/4.8_2013q4/bin/../lib/gcc/arm-none-eabi/4.8.3/../../../../arm-none-eabi/lib/armv7-m/libc_s.a(lib_a-impure.o)
 .text          0x0000000000000000        0x0 /Applications/SimplicityStudio_v3/developer/toolchains/gnu_arm/4.8_2013q4/bin/../lib/gcc/arm-none-eabi/4.8.3/../../../../arm-none-eabi/lib/armv7-m/libc_s.a(lib_a-init.o)
 .data          0x0000000000000000        0x0 /Applications/SimplicityStudio_v3/developer/toolchains/gnu_arm/4.8_2013q4/bin/../lib/gcc/arm-none-eabi/4.8.3/../../../../arm-none-eabi/lib/armv7-m/libc_s.a(lib_a-init.o)
 .bss           0x0000000000000000        0x0 /Applications/SimplicityStudio_v3/developer/toolchains/gnu_arm/4.8_2013q4/bin/../lib/gcc/arm-none-eabi/4.8.3/../../../../arm-none-eabi/lib/armv7-m/libc_s.a(lib_a-init.o)
 .text          0x0000000000000000        0x0 /Applications/SimplicityStudio_v3/developer/toolchains/gnu_arm/4.8_2013q4/bin/../lib/gcc/arm-none-eabi/4.8.3/../../../../arm-none-eabi/lib/armv7-m/libc_s.a(lib_a-memcpy-stub.o)
 .data          0x0000000000000000        0x0 /Applications/SimplicityStudio_v3/developer/toolchains/gnu_arm/4.8_2013q4/bin/../lib/gcc/arm-none-eabi/4.8.3/../../../../arm-none-eabi/lib/armv7-m/libc_s.a(lib_a-memcpy-stub.o)
 .bss           0x0000000000000000        0x0 /Applications/SimplicityStudio_v3/developer/toolchains/gnu_arm/4.8_2013q4/bin/../lib/gcc/arm-none-eabi/4.8.3/../../../../arm-none-eabi/lib/armv7-m/libc_s.a(lib_a-memcpy-stub.o)
 .text          0x0000000000000000        0x0 /Applications/SimplicityStudio_v3/developer/toolchains/gnu_arm/4.8_2013q4/bin/../lib/gcc/arm-none-eabi/4.8.3/../../../../arm-none-eabi/lib/armv7-m/libc_s.a(lib_a-memset.o)
 .data          0x0000000000000000        0x0 /Applications/SimplicityStudio_v3/developer/toolchains/gnu_arm/4.8_2013q4/bin/../lib/gcc/arm-none-eabi/4.8.3/../../../../arm-none-eabi/lib/armv7-m/libc_s.a(lib_a-memset.o)
 .bss           0x0000000000000000        0x0 /Applications/SimplicityStudio_v3/developer/toolchains/gnu_arm/4.8_2013q4/bin/../lib/gcc/arm-none-eabi/4.8.3/../../../../arm-none-eabi/lib/armv7-m/libc_s.a(lib_a-memset.o)
 .text          0x0000000000000000        0x0 /Applications/SimplicityStudio_v3/developer/toolchains/gnu_arm/4.8_2013q4/bin/../lib/gcc/arm-none-eabi/4.8.3/../../../../arm-none-eabi/lib/armv7-m/libnosys.a(_exit.o)
 .data          0x0000000000000000        0x0 /Applications/SimplicityStudio_v3/developer/toolchains/gnu_arm/4.8_2013q4/bin/../lib/gcc/arm-none-eabi/4.8.3/../../../../arm-none-eabi/lib/armv7-m/libnosys.a(_exit.o)
 .bss           0x0000000000000000        0x0 /Applications/SimplicityStudio_v3/developer/toolchains/gnu_arm/4.8_2013q4/bin/../lib/gcc/arm-none-eabi/4.8.3/../../../../arm-none-eabi/lib/armv7-m/libnosys.a(_exit.o)
 .text          0x0000000000000000        0x0 /Applications/SimplicityStudio_v3/developer/toolchains/gnu_arm/4.8_2013q4/bin/../lib/gcc/arm-none-eabi/4.8.3/armv7-m/crtend.o
 .data          0x0000000000000000        0x0 /Applications/SimplicityStudio_v3/developer/toolchains/gnu_arm/4.8_2013q4/bin/../lib/gcc/arm-none-eabi/4.8.3/armv7-m/crtend.o
 .bss           0x0000000000000000        0x0 /Applications/SimplicityStudio_v3/developer/toolchains/gnu_arm/4.8_2013q4/bin/../lib/gcc/arm-none-eabi/4.8.3/armv7-m/crtend.o
 .text          0x0000000000000000        0x0 /Applications/SimplicityStudio_v3/developer/toolchains/gnu_arm/4.8_2013q4/bin/../lib/gcc/arm-none-eabi/4.8.3/armv7-m/crtn.o
 .data          0x0000000000000000        0x0 /Applications/SimplicityStudio_v3/developer/toolchains/gnu_arm/4.8_2013q4/bin/../lib/gcc/arm-none-eabi/4.8.3/armv7-m/crtn.o
 .bss           0x0000000000000000        0x0 /Applications/SimplicityStudio_v3/developer/toolchains/gnu_arm/4.8_2013q4/bin/../lib/gcc/arm-none-eabi/4.8.3/armv7-m/crtn.o

Memory Configuration

Name             Origin             Length             Attributes
FLASH            0x0000000000000000 0x0000000000100000 xr
RAM              0x0000000020000000 0x0000000000020000 xrw
*default*        0x0000000000000000 0xffffffffffffffff

Linker script and memory map

LOAD /Applications/SimplicityStudio_v3/developer/toolchains/gnu_arm/4.8_2013q4/bin/../lib/gcc/arm-none-eabi/4.8.3/armv7-m/crti.o
LOAD /Applications/SimplicityStudio_v3/developer/toolchains/gnu_arm/4.8_2013q4/bin/../lib/gcc/arm-none-eabi/4.8.3/armv7-m/crtbegin.o
LOAD /Applications/SimplicityStudio_v3/developer/toolchains/gnu_arm/4.8_2013q4/bin/../lib/gcc/arm-none-eabi/4.8.3/../../../../arm-none-eabi/lib/armv7-m/crt0.o
LOAD ./src/gpio.o
LOAD ./src/main.o
LOAD ./src/pwm.o
LOAD ./src/uart.o
LOAD ./emlib/em_assert.o
LOAD ./emlib/em_cmu.o
LOAD ./emlib/em_ebi.o
LOAD ./emlib/em_emu.o
LOAD ./emlib/em_gpio.o
LOAD ./emlib/em_system.o
LOAD ./emlib/em_timer.o
LOAD ./emlib/em_usart.o
LOAD ./CMSIS/efm32gg/startup_efm32gg.o
LOAD ./CMSIS/efm32gg/system_efm32gg.o
LOAD ./BSP/bsp_bcc.o
LOAD ./BSP/bsp_stk.o
LOAD ./BSP/bsp_stk_leds.o
LOAD ./BSP/bsp_trace.o
START GROUP
LOAD /Applications/SimplicityStudio_v3/developer/toolchains/gnu_arm/4.8_2013q4/bin/../lib/gcc/arm-none-eabi/4.8.3/armv7-m/libgcc.a
LOAD /Applications/SimplicityStudio_v3/developer/toolchains/gnu_arm/4.8_2013q4/bin/../lib/gcc/arm-none-eabi/4.8.3/../../../../arm-none-eabi/lib/armv7-m/libc_s.a
LOAD /Applications/SimplicityStudio_v3/developer/toolchains/gnu_arm/4.8_2013q4/bin/../lib/gcc/arm-none-eabi/4.8.3/../../../../arm-none-eabi/lib/armv7-m/libnosys.a
END GROUP
START GROUP
LOAD /Applications/SimplicityStudio_v3/developer/toolchains/gnu_arm/4.8_2013q4/bin/../lib/gcc/arm-none-eabi/4.8.3/armv7-m/libgcc.a
LOAD /Applications/SimplicityStudio_v3/developer/toolchains/gnu_arm/4.8_2013q4/bin/../lib/gcc/arm-none-eabi/4.8.3/../../../../arm-none-eabi/lib/armv7-m/libg_s.a
LOAD /Applications/SimplicityStudio_v3/developer/toolchains/gnu_arm/4.8_2013q4/bin/../lib/gcc/arm-none-eabi/4.8.3/../../../../arm-none-eabi/lib/armv7-m/libc_s.a
END GROUP
START GROUP
LOAD /Applications/SimplicityStudio_v3/developer/toolchains/gnu_arm/4.8_2013q4/bin/../lib/gcc/arm-none-eabi/4.8.3/armv7-m/libgcc.a
LOAD /Applications/SimplicityStudio_v3/developer/toolchains/gnu_arm/4.8_2013q4/bin/../lib/gcc/arm-none-eabi/4.8.3/../../../../arm-none-eabi/lib/armv7-m/libc_s.a
END GROUP
LOAD /Applications/SimplicityStudio_v3/developer/toolchains/gnu_arm/4.8_2013q4/bin/../lib/gcc/arm-none-eabi/4.8.3/armv7-m/crtend.o
LOAD /Applications/SimplicityStudio_v3/developer/toolchains/gnu_arm/4.8_2013q4/bin/../lib/gcc/arm-none-eabi/4.8.3/armv7-m/crtn.o

.text           0x0000000000000000     0x23b8
 *(.vectors)
 .vectors       0x0000000000000000       0xdc ./CMSIS/efm32gg/startup_efm32gg.o
                0x0000000000000000                __Vectors
                0x00000000000000dc                __Vectors_End = .
                0x00000000000000dc                __Vectors_Size = (__Vectors_End - __Vectors)
                0x00000000000000dc                __end__ = .
 *(.text*)
 .text          0x00000000000000dc       0x54 /Applications/SimplicityStudio_v3/developer/toolchains/gnu_arm/4.8_2013q4/bin/../lib/gcc/arm-none-eabi/4.8.3/armv7-m/crtbegin.o
 .text          0x0000000000000130       0x74 /Applications/SimplicityStudio_v3/developer/toolchains/gnu_arm/4.8_2013q4/bin/../lib/gcc/arm-none-eabi/4.8.3/../../../../arm-none-eabi/lib/armv7-m/crt0.o
                0x0000000000000130                _mainCRTStartup
                0x0000000000000130                _start
 .text.BUS_RegBitRead
                0x00000000000001a4       0x2c ./src/gpio.o
 .text.GPIO_IntClear
                0x00000000000001d0       0x20 ./src/gpio.o
 .text.GPIO_PinInGet
                0x00000000000001f0       0x98 ./src/gpio.o
 .text.readGpioX
                0x0000000000000288       0xcc ./src/gpio.o
                0x0000000000000288                readGpioX
 .text.readGpioY
                0x0000000000000354       0xcc ./src/gpio.o
                0x0000000000000354                readGpioY
 .text.GPIO_ODD_IRQHandler
                0x0000000000000420       0x18 ./src/gpio.o
                0x0000000000000420                GPIO_ODD_IRQHandler
 .text.GPIO_EVEN_IRQHandler
                0x0000000000000438       0x18 ./src/gpio.o
                0x0000000000000438                GPIO_EVEN_IRQHandler
 .text.NVIC_SetPriority
                0x0000000000000450       0x54 ./src/main.o
 .text.SysTick_Config
                0x00000000000004a4       0x44 ./src/main.o
 .text.CHIP_Init
                0x00000000000004e8       0x40 ./src/main.o
 .text.SysTick_Handler
                0x0000000000000528       0x1c ./src/main.o
                0x0000000000000528                SysTick_Handler
 .text.Delay    0x0000000000000544       0x2c ./src/main.o
                0x0000000000000544                Delay
 .text.main     0x0000000000000570      0x1d8 ./src/main.o
                0x0000000000000570                main
 .text.NVIC_EnableIRQ
                0x0000000000000748       0x30 ./src/pwm.o
 .text.TIMER_CompareBufSet
                0x0000000000000778       0x24 ./src/pwm.o
 .text.TIMER_CompareSet
                0x000000000000079c       0x24 ./src/pwm.o
 .text.TIMER_CounterSet
                0x00000000000007c0       0x1c ./src/pwm.o
 .text.TIMER_IntClear
                0x00000000000007dc       0x1c ./src/pwm.o
 .text.TIMER_IntEnable
                0x00000000000007f8       0x20 ./src/pwm.o
 .text.TIMER_TopSet
                0x0000000000000818       0x1c ./src/pwm.o
 .text.TIMER0_IRQHandler
                0x0000000000000834       0x24 ./src/pwm.o
                0x0000000000000834                TIMER0_IRQHandler
 .text.pwmEnableISRY
                0x0000000000000858       0x18 ./src/pwm.o
                0x0000000000000858                pwmEnableISRY
 .text.setWidthPCMY
                0x0000000000000870       0x1c ./src/pwm.o
                0x0000000000000870                setWidthPCMY
 .text.TIMER3_IRQHandler
                0x000000000000088c       0x24 ./src/pwm.o
                0x000000000000088c                TIMER3_IRQHandler
 .text.pwmEnableISRX
                0x00000000000008b0       0x18 ./src/pwm.o
                0x00000000000008b0                pwmEnableISRX
 .text.setWidthPCMX
                0x00000000000008c8       0x1c ./src/pwm.o
                0x00000000000008c8                setWidthPCMX
 .text.TIMER2_IRQHandler
                0x00000000000008e4       0x20 ./src/pwm.o
                0x00000000000008e4                TIMER2_IRQHandler
 .text.initPCM  0x0000000000000904      0x1c8 ./src/pwm.o
                0x0000000000000904                initPCM
 .text.NVIC_EnableIRQ
                0x0000000000000acc       0x30 ./src/uart.o
 .text.usart_init
                0x0000000000000afc       0x70 ./src/uart.o
                0x0000000000000afc                usart_init
 .text.usart_enable_rx_isr
                0x0000000000000b6c       0x18 ./src/uart.o
                0x0000000000000b6c                usart_enable_rx_isr
 .text.USART1_RX_IRQHandler
                0x0000000000000b84       0x90 ./src/uart.o
                0x0000000000000b84                USART1_RX_IRQHandler
 .text.assertEFM
                0x0000000000000c14        0xc ./emlib/em_assert.o
                0x0000000000000c14                assertEFM
 .text.BUS_RegBitWrite
                0x0000000000000c20       0x2c ./emlib/em_cmu.o
 .text.CMU_DivToLog2
                0x0000000000000c4c       0x44 ./emlib/em_cmu.o
 .text.SYSTEM_GetFamily
                0x0000000000000c90       0x20 ./emlib/em_cmu.o
 .text.auxClkGet
                0x0000000000000cb0       0x94 ./emlib/em_cmu.o
 .text.dbgClkGet
                0x0000000000000d44       0x64 ./emlib/em_cmu.o
 .text.lfClkGet
                0x0000000000000da8      0x128 ./emlib/em_cmu.o
 .text.maxFreqHfle
                0x0000000000000ed0       0x80 ./emlib/em_cmu.o
 .text.syncReg  0x0000000000000f50       0x34 ./emlib/em_cmu.o
 .text.usbCClkGet
                0x0000000000000f84       0x4c ./emlib/em_cmu.o
 .text.CMU_ClockEnable
                0x0000000000000fd0       0xfc ./emlib/em_cmu.o
                0x0000000000000fd0                CMU_ClockEnable
 .text.CMU_ClockFreqGet
                0x00000000000010cc      0x210 ./emlib/em_cmu.o
                0x00000000000010cc                CMU_ClockFreqGet
 .text.CMU_ClockSelectGet
                0x00000000000012dc      0x16c ./emlib/em_cmu.o
                0x00000000000012dc                CMU_ClockSelectGet
 .text.BUS_RegMaskedWrite
                0x0000000000001448       0x28 ./emlib/em_gpio.o
 .text.GPIO_PinOutClear
                0x0000000000001470       0x98 ./emlib/em_gpio.o
 .text.GPIO_PinOutSet
                0x0000000000001508       0x98 ./emlib/em_gpio.o
 .text.GPIO_PinModeSet
                0x00000000000015a0      0x134 ./emlib/em_gpio.o
                0x00000000000015a0                GPIO_PinModeSet
 .text.SYSTEM_ChipRevisionGet
                0x00000000000016d4       0x80 ./emlib/em_system.o
                0x00000000000016d4                SYSTEM_ChipRevisionGet
 .text.TIMER_Init
                0x0000000000001754      0x110 ./emlib/em_timer.o
                0x0000000000001754                TIMER_Init
 .text.TIMER_InitCC
                0x0000000000001864       0xe0 ./emlib/em_timer.o
                0x0000000000001864                TIMER_InitCC
 .text          0x0000000000001944       0x30 ./CMSIS/efm32gg/startup_efm32gg.o
                0x0000000000001944                Reset_Handler
                0x0000000000001970                USART0_TX_IRQHandler
                0x0000000000001970                I2C0_IRQHandler
                0x0000000000001970                HardFault_Handler
                0x0000000000001970                LEUART1_IRQHandler
                0x0000000000001970                PendSV_Handler
                0x0000000000001970                NMI_Handler
                0x0000000000001970                I2C1_IRQHandler
                0x0000000000001970                USART1_TX_IRQHandler
                0x0000000000001970                MSC_IRQHandler
                0x0000000000001970                ADC0_IRQHandler
                0x0000000000001970                UsageFault_Handler
                0x0000000000001970                LEUART0_IRQHandler
                0x0000000000001970                UART0_TX_IRQHandler
                0x0000000000001970                UART1_TX_IRQHandler
                0x0000000000001970                RTC_IRQHandler
                0x0000000000001970                LCD_IRQHandler
                0x0000000000001970                PCNT2_IRQHandler
                0x0000000000001970                UART0_RX_IRQHandler
                0x0000000000001970                LETIMER0_IRQHandler
                0x0000000000001970                TIMER1_IRQHandler
                0x0000000000001970                USART2_RX_IRQHandler
                0x0000000000001970                Default_Handler
                0x0000000000001970                EMU_IRQHandler
                0x0000000000001970                PCNT0_IRQHandler
                0x0000000000001970                USB_IRQHandler
                0x0000000000001970                BURTC_IRQHandler
                0x0000000000001970                PCNT1_IRQHandler
                0x0000000000001970                ACMP0_IRQHandler
                0x0000000000001970                USART0_RX_IRQHandler
                0x0000000000001970                MemManage_Handler
                0x0000000000001970                SVC_Handler
                0x0000000000001970                DAC0_IRQHandler
                0x0000000000001970                UART1_RX_IRQHandler
                0x0000000000001970                CMU_IRQHandler
                0x0000000000001970                EBI_IRQHandler
                0x0000000000001970                LESENSE_IRQHandler
                0x0000000000001970                AES_IRQHandler
                0x0000000000001970                VCMP_IRQHandler
                0x0000000000001970                DMA_IRQHandler
                0x0000000000001970                BusFault_Handler
                0x0000000000001970                DebugMon_Handler
                0x0000000000001970                USART2_TX_IRQHandler
 .text.GetProdRev
                0x0000000000001974       0x1c ./CMSIS/efm32gg/system_efm32gg.o
 .text.SystemCoreClockGet
                0x0000000000001990       0x48 ./CMSIS/efm32gg/system_efm32gg.o
                0x0000000000001990                SystemCoreClockGet
 .text.SystemHFClockGet
                0x00000000000019d8       0xf0 ./CMSIS/efm32gg/system_efm32gg.o
                0x00000000000019d8                SystemHFClockGet
 .text.SystemInit
                0x0000000000001ac8        0xc ./CMSIS/efm32gg/system_efm32gg.o
                0x0000000000001ac8                SystemInit
 .text.SystemLFRCOClockGet
                0x0000000000001ad4       0x14 ./CMSIS/efm32gg/system_efm32gg.o
                0x0000000000001ad4                SystemLFRCOClockGet
 .text.SystemULFRCOClockGet
                0x0000000000001ae8       0x14 ./CMSIS/efm32gg/system_efm32gg.o
                0x0000000000001ae8                SystemULFRCOClockGet
 .text.SystemLFXOClockGet
                0x0000000000001afc       0x18 ./CMSIS/efm32gg/system_efm32gg.o
                0x0000000000001afc                SystemLFXOClockGet
 .text.GPIO_PinOutClear
                0x0000000000001b14       0x98 ./BSP/bsp_stk_leds.o
 .text.GPIO_PinOutSet
                0x0000000000001bac       0x98 ./BSP/bsp_stk_leds.o
 .text.BSP_LedsInit
                0x0000000000001c44       0x5c ./BSP/bsp_stk_leds.o
                0x0000000000001c44                BSP_LedsInit
 .text.BSP_LedClear
                0x0000000000001ca0       0x44 ./BSP/bsp_stk_leds.o
                0x0000000000001ca0                BSP_LedClear
 .text.BSP_LedSet
                0x0000000000001ce4       0x44 ./BSP/bsp_stk_leds.o
                0x0000000000001ce4                BSP_LedSet
 .text.exit     0x0000000000001d28       0x28 /Applications/SimplicityStudio_v3/developer/toolchains/gnu_arm/4.8_2013q4/bin/../lib/gcc/arm-none-eabi/4.8.3/../../../../arm-none-eabi/lib/armv7-m/libc_s.a(lib_a-exit.o)
                0x0000000000001d28                exit
 .text.__libc_init_array
                0x0000000000001d50       0x4c /Applications/SimplicityStudio_v3/developer/toolchains/gnu_arm/4.8_2013q4/bin/../lib/gcc/arm-none-eabi/4.8.3/../../../../arm-none-eabi/lib/armv7-m/libc_s.a(lib_a-init.o)
                0x0000000000001d50                __libc_init_array
 .text.memcpy   0x0000000000001d9c       0x12 /Applications/SimplicityStudio_v3/developer/toolchains/gnu_arm/4.8_2013q4/bin/../lib/gcc/arm-none-eabi/4.8.3/../../../../arm-none-eabi/lib/armv7-m/libc_s.a(lib_a-memcpy-stub.o)
                0x0000000000001d9c                memcpy
 .text.memset   0x0000000000001dae       0x10 /Applications/SimplicityStudio_v3/developer/toolchains/gnu_arm/4.8_2013q4/bin/../lib/gcc/arm-none-eabi/4.8.3/../../../../arm-none-eabi/lib/armv7-m/libc_s.a(lib_a-memset.o)
                0x0000000000001dae                memset
 *fill*         0x0000000000001dbe        0x2 
 .text._exit    0x0000000000001dc0        0x4 /Applications/SimplicityStudio_v3/developer/toolchains/gnu_arm/4.8_2013q4/bin/../lib/gcc/arm-none-eabi/4.8.3/../../../../arm-none-eabi/lib/armv7-m/libnosys.a(_exit.o)
                0x0000000000001dc0                _exit
 *(.init)
 .init          0x0000000000001dc4        0x4 /Applications/SimplicityStudio_v3/developer/toolchains/gnu_arm/4.8_2013q4/bin/../lib/gcc/arm-none-eabi/4.8.3/armv7-m/crti.o
                0x0000000000001dc4                _init
 .init          0x0000000000001dc8        0x8 /Applications/SimplicityStudio_v3/developer/toolchains/gnu_arm/4.8_2013q4/bin/../lib/gcc/arm-none-eabi/4.8.3/armv7-m/crtn.o
 *(.fini)
 .fini          0x0000000000001dd0        0x4 /Applications/SimplicityStudio_v3/developer/toolchains/gnu_arm/4.8_2013q4/bin/../lib/gcc/arm-none-eabi/4.8.3/armv7-m/crti.o
                0x0000000000001dd0                _fini
 .fini          0x0000000000001dd4        0x8 /Applications/SimplicityStudio_v3/developer/toolchains/gnu_arm/4.8_2013q4/bin/../lib/gcc/arm-none-eabi/4.8.3/armv7-m/crtn.o
 *crtbegin.o(.ctors)
 *crtbegin?.o(.ctors)
 *(EXCLUDE_FILE(*crtend.o *crtend?.o) .ctors)
 *(SORT(.ctors.*))
 *(.ctors)
 *crtbegin.o(.dtors)
 *crtbegin?.o(.dtors)
 *(EXCLUDE_FILE(*crtend.o *crtend?.o) .dtors)
 *(SORT(.dtors.*))
 *(.dtors)
 *(.rodata*)
 .rodata        0x0000000000001ddc       0x50 ./src/gpio.o
 .rodata        0x0000000000001e2c      0x320 ./src/main.o
 .rodata        0x000000000000214c        0xc ./src/pwm.o
 .rodata        0x0000000000002158       0xa0 ./emlib/em_cmu.o
 .rodata        0x00000000000021f8       0xa0 ./emlib/em_gpio.o
 .rodata        0x0000000000002298       0x50 ./emlib/em_system.o
 .rodata        0x00000000000022e8       0x64 ./emlib/em_timer.o
 .rodata        0x000000000000234c       0x50 ./BSP/bsp_stk_leds.o
 .rodata.ledArray
                0x000000000000239c       0x10 ./BSP/bsp_stk_leds.o
 .rodata.str1.1
                0x00000000000023ac        0x2 /Applications/SimplicityStudio_v3/developer/toolchains/gnu_arm/4.8_2013q4/bin/../lib/gcc/arm-none-eabi/4.8.3/../../../../arm-none-eabi/lib/armv7-m/libc_s.a(lib_a-impure.o)
 *fill*         0x00000000000023ae        0x2 
 .rodata._global_impure_ptr
                0x00000000000023b0        0x4 /Applications/SimplicityStudio_v3/developer/toolchains/gnu_arm/4.8_2013q4/bin/../lib/gcc/arm-none-eabi/4.8.3/../../../../arm-none-eabi/lib/armv7-m/libc_s.a(lib_a-impure.o)
                0x00000000000023b0                _global_impure_ptr
 *(.eh_frame*)
 .eh_frame      0x00000000000023b4        0x0 /Applications/SimplicityStudio_v3/developer/toolchains/gnu_arm/4.8_2013q4/bin/../lib/gcc/arm-none-eabi/4.8.3/armv7-m/crtbegin.o
 .eh_frame      0x00000000000023b4        0x4 /Applications/SimplicityStudio_v3/developer/toolchains/gnu_arm/4.8_2013q4/bin/../lib/gcc/arm-none-eabi/4.8.3/armv7-m/crtend.o

.glue_7         0x00000000000023b8        0x0
 .glue_7        0x0000000000000000        0x0 linker stubs

.glue_7t        0x00000000000023b8        0x0
 .glue_7t       0x0000000000000000        0x0 linker stubs

.vfp11_veneer   0x00000000000023b8        0x0
 .vfp11_veneer  0x0000000000000000        0x0 linker stubs

.v4_bx          0x00000000000023b8        0x0
 .v4_bx         0x0000000000000000        0x0 linker stubs

.iplt           0x00000000000023b8        0x0
 .iplt          0x0000000000000000        0x0 /Applications/SimplicityStudio_v3/developer/toolchains/gnu_arm/4.8_2013q4/bin/../lib/gcc/arm-none-eabi/4.8.3/armv7-m/crtbegin.o

.ARM.extab
 *(.ARM.extab* .gnu.linkonce.armextab.*)
                0x00000000000023b8                __exidx_start = .

.ARM.exidx      0x00000000000023b8        0x8
 *(.ARM.exidx* .gnu.linkonce.armexidx.*)
 .ARM.exidx     0x00000000000023b8        0x8 /Applications/SimplicityStudio_v3/developer/toolchains/gnu_arm/4.8_2013q4/bin/../lib/gcc/arm-none-eabi/4.8.3/../../../../arm-none-eabi/lib/armv7-m/crt0.o
                0x00000000000023c0                __exidx_end = .
                0x00000000000023c0                __etext = .

.rel.dyn        0x00000000000023c0        0x0
 .rel.iplt      0x0000000000000000        0x0 /Applications/SimplicityStudio_v3/developer/toolchains/gnu_arm/4.8_2013q4/bin/../lib/gcc/arm-none-eabi/4.8.3/armv7-m/crtbegin.o

.data           0x0000000020000000       0x74 load address 0x00000000000023c0
                0x0000000020000000                __data_start__ = .
 *(vtable)
 *(.data*)
 .data.SystemHFXOClock
                0x0000000020000000        0x4 ./CMSIS/efm32gg/system_efm32gg.o
 .data.SystemLFXOClock
                0x0000000020000004        0x4 ./CMSIS/efm32gg/system_efm32gg.o
 .data.impure_data
                0x0000000020000008       0x60 /Applications/SimplicityStudio_v3/developer/toolchains/gnu_arm/4.8_2013q4/bin/../lib/gcc/arm-none-eabi/4.8.3/../../../../arm-none-eabi/lib/armv7-m/libc_s.a(lib_a-impure.o)
                0x0000000020000068                . = ALIGN (0x4)
 *(.ram)
                0x0000000020000068                . = ALIGN (0x4)
                0x0000000020000068                PROVIDE (__preinit_array_start, .)
 *(.preinit_array)
                0x0000000020000068                PROVIDE (__preinit_array_end, .)
                0x0000000020000068                . = ALIGN (0x4)
                0x0000000020000068                PROVIDE (__init_array_start, .)
 *(SORT(.init_array.*))
 *(.init_array)
 .init_array    0x0000000020000068        0x4 /Applications/SimplicityStudio_v3/developer/toolchains/gnu_arm/4.8_2013q4/bin/../lib/gcc/arm-none-eabi/4.8.3/armv7-m/crtbegin.o
                0x000000002000006c                PROVIDE (__init_array_end, .)
                0x000000002000006c                . = ALIGN (0x4)
                0x000000002000006c                PROVIDE (__fini_array_start, .)
 *(SORT(.fini_array.*))
 *(.fini_array)
 .fini_array    0x000000002000006c        0x4 /Applications/SimplicityStudio_v3/developer/toolchains/gnu_arm/4.8_2013q4/bin/../lib/gcc/arm-none-eabi/4.8.3/armv7-m/crtbegin.o
                0x0000000020000070                PROVIDE (__fini_array_end, .)
 *(.jcr*)
 .jcr           0x0000000020000070        0x0 /Applications/SimplicityStudio_v3/developer/toolchains/gnu_arm/4.8_2013q4/bin/../lib/gcc/arm-none-eabi/4.8.3/armv7-m/crtbegin.o
 .jcr           0x0000000020000070        0x4 /Applications/SimplicityStudio_v3/developer/toolchains/gnu_arm/4.8_2013q4/bin/../lib/gcc/arm-none-eabi/4.8.3/armv7-m/crtend.o
                0x0000000020000074                . = ALIGN (0x4)
                0x0000000020000074                __data_end__ = .

.igot.plt       0x0000000020000074        0x0 load address 0x0000000000002434
 .igot.plt      0x0000000000000000        0x0 /Applications/SimplicityStudio_v3/developer/toolchains/gnu_arm/4.8_2013q4/bin/../lib/gcc/arm-none-eabi/4.8.3/armv7-m/crtbegin.o

.bss            0x0000000020000074       0x44 load address 0x0000000000002434
                0x0000000020000074                . = ALIGN (0x4)
                0x0000000020000074                __bss_start__ = .
 *(.bss*)
 .bss           0x0000000020000074       0x1c /Applications/SimplicityStudio_v3/developer/toolchains/gnu_arm/4.8_2013q4/bin/../lib/gcc/arm-none-eabi/4.8.3/armv7-m/crtbegin.o
 *(COMMON)
 COMMON         0x0000000020000090       0x10 ./src/gpio.o
                0x0000000020000090                gpio_data_x
                0x0000000020000098                gpio_data_y
 COMMON         0x00000000200000a0        0x4 ./src/main.o
                0x00000000200000a0                msTicks
 COMMON         0x00000000200000a4        0x8 ./src/pwm.o
                0x00000000200000a4                pwmWidthY
                0x00000000200000a8                pwmWidthX
 COMMON         0x00000000200000ac        0x6 ./src/uart.o
                0x00000000200000ac                temp
                0x00000000200000ad                mode
                0x00000000200000b0                rx_data
 *fill*         0x00000000200000b2        0x2 
 COMMON         0x00000000200000b4        0x4 ./CMSIS/efm32gg/system_efm32gg.o
                0x00000000200000b4                SystemCoreClock
                0x00000000200000b8                . = ALIGN (0x4)
                0x00000000200000b8                __bss_end__ = .

.heap           0x00000000200000b8      0xc00
                0x00000000200000b8                __HeapBase = .
                0x00000000200000b8                __end__ = .
                0x00000000200000b8                end = __end__
                0x00000000200000b8                _end = __end__
 *(.heap*)
 .heap          0x00000000200000b8      0xc00 ./CMSIS/efm32gg/startup_efm32gg.o
                0x0000000020000cb8                __HeapLimit = .

.stack_dummy    0x00000000200000b8      0x400
 *(.stack*)
 .stack         0x00000000200000b8      0x400 ./CMSIS/efm32gg/startup_efm32gg.o
                0x0000000020020000                __StackTop = (ORIGIN (RAM) + 0x20000)
                0x000000002001fc00                __StackLimit = (__StackTop - SIZEOF (.stack_dummy))
                0x0000000020020000                PROVIDE (__stack, __StackTop)
                0x0000000000000001                ASSERT ((__StackLimit >= __HeapLimit), region RAM overflowed with stack)
                0x0000000000000001                ASSERT ((0x100000 >= (__etext + SIZEOF (.data))), FLASH memory overflowed !)
OUTPUT(emecsthon16.axf elf32-littlearm)

.ARM.attributes
                0x0000000000000000       0x29
 .ARM.attributes
                0x0000000000000000       0x1d /Applications/SimplicityStudio_v3/developer/toolchains/gnu_arm/4.8_2013q4/bin/../lib/gcc/arm-none-eabi/4.8.3/armv7-m/crti.o
 .ARM.attributes
                0x000000000000001d       0x2d /Applications/SimplicityStudio_v3/developer/toolchains/gnu_arm/4.8_2013q4/bin/../lib/gcc/arm-none-eabi/4.8.3/armv7-m/crtbegin.o
 .ARM.attributes
                0x000000000000004a       0x1b /Applications/SimplicityStudio_v3/developer/toolchains/gnu_arm/4.8_2013q4/bin/../lib/gcc/arm-none-eabi/4.8.3/../../../../arm-none-eabi/lib/armv7-m/crt0.o
 .ARM.attributes
                0x0000000000000065       0x33 ./src/gpio.o
 .ARM.attributes
                0x0000000000000098       0x33 ./src/main.o
 .ARM.attributes
                0x00000000000000cb       0x33 ./src/pwm.o
 .ARM.attributes
                0x00000000000000fe       0x33 ./src/uart.o
 .ARM.attributes
                0x0000000000000131       0x33 ./emlib/em_assert.o
 .ARM.attributes
                0x0000000000000164       0x33 ./emlib/em_cmu.o
 .ARM.attributes
                0x0000000000000197       0x33 ./emlib/em_gpio.o
 .ARM.attributes
                0x00000000000001ca       0x33 ./emlib/em_system.o
 .ARM.attributes
                0x00000000000001fd       0x33 ./emlib/em_timer.o
 .ARM.attributes
                0x0000000000000230       0x1b ./CMSIS/efm32gg/startup_efm32gg.o
 .ARM.attributes
                0x000000000000024b       0x33 ./CMSIS/efm32gg/system_efm32gg.o
 .ARM.attributes
                0x000000000000027e       0x33 ./BSP/bsp_stk_leds.o
 .ARM.attributes
                0x00000000000002b1       0x2d /Applications/SimplicityStudio_v3/developer/toolchains/gnu_arm/4.8_2013q4/bin/../lib/gcc/arm-none-eabi/4.8.3/../../../../arm-none-eabi/lib/armv7-m/libc_s.a(lib_a-exit.o)
 .ARM.attributes
                0x00000000000002de       0x2d /Applications/SimplicityStudio_v3/developer/toolchains/gnu_arm/4.8_2013q4/bin/../lib/gcc/arm-none-eabi/4.8.3/../../../../arm-none-eabi/lib/armv7-m/libc_s.a(lib_a-impure.o)
 .ARM.attributes
                0x000000000000030b       0x2d /Applications/SimplicityStudio_v3/developer/toolchains/gnu_arm/4.8_2013q4/bin/../lib/gcc/arm-none-eabi/4.8.3/../../../../arm-none-eabi/lib/armv7-m/libc_s.a(lib_a-init.o)
 .ARM.attributes
                0x0000000000000338       0x2d /Applications/SimplicityStudio_v3/developer/toolchains/gnu_arm/4.8_2013q4/bin/../lib/gcc/arm-none-eabi/4.8.3/../../../../arm-none-eabi/lib/armv7-m/libc_s.a(lib_a-memcpy-stub.o)
 .ARM.attributes
                0x0000000000000365       0x2d /Applications/SimplicityStudio_v3/developer/toolchains/gnu_arm/4.8_2013q4/bin/../lib/gcc/arm-none-eabi/4.8.3/../../../../arm-none-eabi/lib/armv7-m/libc_s.a(lib_a-memset.o)
 .ARM.attributes
                0x0000000000000392       0x2d /Applications/SimplicityStudio_v3/developer/toolchains/gnu_arm/4.8_2013q4/bin/../lib/gcc/arm-none-eabi/4.8.3/../../../../arm-none-eabi/lib/armv7-m/libnosys.a(_exit.o)
 .ARM.attributes
                0x00000000000003bf       0x2d /Applications/SimplicityStudio_v3/developer/toolchains/gnu_arm/4.8_2013q4/bin/../lib/gcc/arm-none-eabi/4.8.3/armv7-m/crtend.o
 .ARM.attributes
                0x00000000000003ec       0x1d /Applications/SimplicityStudio_v3/developer/toolchains/gnu_arm/4.8_2013q4/bin/../lib/gcc/arm-none-eabi/4.8.3/armv7-m/crtn.o

.comment        0x0000000000000000       0x70
 .comment       0x0000000000000000       0x70 ./src/gpio.o
                                         0x71 (size before relaxing)
 .comment       0x0000000000000000       0x71 ./src/main.o
 .comment       0x0000000000000000       0x71 ./src/pwm.o
 .comment       0x0000000000000000       0x71 ./src/uart.o
 .comment       0x0000000000000000       0x71 ./emlib/em_assert.o
 .comment       0x0000000000000000       0x71 ./emlib/em_cmu.o
 .comment       0x0000000000000000       0x71 ./emlib/em_gpio.o
 .comment       0x0000000000000000       0x71 ./emlib/em_system.o
 .comment       0x0000000000000000       0x71 ./emlib/em_timer.o
 .comment       0x0000000000000000       0x71 ./CMSIS/efm32gg/system_efm32gg.o
 .comment       0x0000000000000000       0x71 ./BSP/bsp_stk_leds.o

.debug_info     0x0000000000000000     0x5b77
 .debug_info    0x0000000000000000      0x8b9 ./src/gpio.o
 .debug_info    0x00000000000008b9      0xab9 ./src/main.o
 .debug_info    0x0000000000001372      0xd47 ./src/pwm.o
 .debug_info    0x00000000000020b9      0x9d2 ./src/uart.o
 .debug_info    0x0000000000002a8b       0x76 ./emlib/em_assert.o
 .debug_info    0x0000000000002b01     0x11a5 ./emlib/em_cmu.o
 .debug_info    0x0000000000003ca6      0x5f3 ./emlib/em_gpio.o
 .debug_info    0x0000000000004299      0x241 ./emlib/em_system.o
 .debug_info    0x00000000000044da      0x8cd ./emlib/em_timer.o
 .debug_info    0x0000000000004da7       0xee ./CMSIS/efm32gg/startup_efm32gg.o
 .debug_info    0x0000000000004e95      0x55d ./CMSIS/efm32gg/system_efm32gg.o
 .debug_info    0x00000000000053f2      0x785 ./BSP/bsp_stk_leds.o

.debug_abbrev   0x0000000000000000     0x120f
 .debug_abbrev  0x0000000000000000      0x1de ./src/gpio.o
 .debug_abbrev  0x00000000000001de      0x207 ./src/main.o
 .debug_abbrev  0x00000000000003e5      0x1cf ./src/pwm.o
 .debug_abbrev  0x00000000000005b4      0x1c0 ./src/uart.o
 .debug_abbrev  0x0000000000000774       0x63 ./emlib/em_assert.o
 .debug_abbrev  0x00000000000007d7      0x301 ./emlib/em_cmu.o
 .debug_abbrev  0x0000000000000ad8      0x1af ./emlib/em_gpio.o
 .debug_abbrev  0x0000000000000c87       0xed ./emlib/em_system.o
 .debug_abbrev  0x0000000000000d74      0x181 ./emlib/em_timer.o
 .debug_abbrev  0x0000000000000ef5       0x14 ./CMSIS/efm32gg/startup_efm32gg.o
 .debug_abbrev  0x0000000000000f09      0x16b ./CMSIS/efm32gg/system_efm32gg.o
 .debug_abbrev  0x0000000000001074      0x19b ./BSP/bsp_stk_leds.o

.debug_loc      0x0000000000000000     0x1832
 .debug_loc     0x0000000000000000      0x1e8 ./src/gpio.o
 .debug_loc     0x00000000000001e8      0x146 ./src/main.o
 .debug_loc     0x000000000000032e      0x338 ./src/pwm.o
 .debug_loc     0x0000000000000666      0x12c ./src/uart.o
 .debug_loc     0x0000000000000792       0x38 ./emlib/em_assert.o
 .debug_loc     0x00000000000007ca      0x78c ./emlib/em_cmu.o
 .debug_loc     0x0000000000000f56      0x230 ./emlib/em_gpio.o
 .debug_loc     0x0000000000001186       0x70 ./emlib/em_system.o
 .debug_loc     0x00000000000011f6      0x188 ./emlib/em_timer.o
 .debug_loc     0x000000000000137e      0x214 ./CMSIS/efm32gg/system_efm32gg.o
 .debug_loc     0x0000000000001592      0x2a0 ./BSP/bsp_stk_leds.o

.debug_aranges  0x0000000000000000      0x4d0
 .debug_aranges
                0x0000000000000000       0x68 ./src/gpio.o
 .debug_aranges
                0x0000000000000068       0x48 ./src/main.o
 .debug_aranges
                0x00000000000000b0       0x98 ./src/pwm.o
 .debug_aranges
                0x0000000000000148       0x48 ./src/uart.o
 .debug_aranges
                0x0000000000000190       0x20 ./emlib/em_assert.o
 .debug_aranges
                0x00000000000001b0      0x138 ./emlib/em_cmu.o
 .debug_aranges
                0x00000000000002e8       0x68 ./emlib/em_gpio.o
 .debug_aranges
                0x0000000000000350       0x28 ./emlib/em_system.o
 .debug_aranges
                0x0000000000000378       0x50 ./emlib/em_timer.o
 .debug_aranges
                0x00000000000003c8       0x20 ./CMSIS/efm32gg/startup_efm32gg.o
 .debug_aranges
                0x00000000000003e8       0x70 ./CMSIS/efm32gg/system_efm32gg.o
 .debug_aranges
                0x0000000000000458       0x78 ./BSP/bsp_stk_leds.o

.debug_ranges   0x0000000000000000      0x400
 .debug_ranges  0x0000000000000000       0x58 ./src/gpio.o
 .debug_ranges  0x0000000000000058       0x38 ./src/main.o
 .debug_ranges  0x0000000000000090       0x88 ./src/pwm.o
 .debug_ranges  0x0000000000000118       0x38 ./src/uart.o
 .debug_ranges  0x0000000000000150       0x10 ./emlib/em_assert.o
 .debug_ranges  0x0000000000000160      0x128 ./emlib/em_cmu.o
 .debug_ranges  0x0000000000000288       0x58 ./emlib/em_gpio.o
 .debug_ranges  0x00000000000002e0       0x18 ./emlib/em_system.o
 .debug_ranges  0x00000000000002f8       0x40 ./emlib/em_timer.o
 .debug_ranges  0x0000000000000338       0x60 ./CMSIS/efm32gg/system_efm32gg.o
 .debug_ranges  0x0000000000000398       0x68 ./BSP/bsp_stk_leds.o

.debug_line     0x0000000000000000     0x276d
 .debug_line    0x0000000000000000      0x2f4 ./src/gpio.o
 .debug_line    0x00000000000002f4      0x2d4 ./src/main.o
 .debug_line    0x00000000000005c8      0x357 ./src/pwm.o
 .debug_line    0x000000000000091f      0x295 ./src/uart.o
 .debug_line    0x0000000000000bb4       0x84 ./emlib/em_assert.o
 .debug_line    0x0000000000000c38      0x94e ./emlib/em_cmu.o
 .debug_line    0x0000000000001586      0x399 ./emlib/em_gpio.o
 .debug_line    0x000000000000191f      0x253 ./emlib/em_system.o
 .debug_line    0x0000000000001b72      0x4b8 ./emlib/em_timer.o
 .debug_line    0x000000000000202a       0xbd ./CMSIS/efm32gg/startup_efm32gg.o
 .debug_line    0x00000000000020e7      0x2bf ./CMSIS/efm32gg/system_efm32gg.o
 .debug_line    0x00000000000023a6      0x3c7 ./BSP/bsp_stk_leds.o

.debug_str      0x0000000000000000     0x23a9
 .debug_str     0x0000000000000000      0x9cc ./src/gpio.o
                                        0xa2c (size before relaxing)
 .debug_str     0x00000000000009cc      0x227 ./src/main.o
                                        0x945 (size before relaxing)
 .debug_str     0x0000000000000bf3      0x68b ./src/pwm.o
                                        0xf65 (size before relaxing)
 .debug_str     0x000000000000127e       0xf3 ./src/uart.o
                                        0x78a (size before relaxing)
 .debug_str     0x0000000000001371       0x64 ./emlib/em_assert.o
                                        0x13a (size before relaxing)
 .debug_str     0x00000000000013d5      0x910 ./emlib/em_cmu.o
                                        0xe4c (size before relaxing)
 .debug_str     0x0000000000001ce5      0x1a1 ./emlib/em_gpio.o
                                        0x5bc (size before relaxing)
 .debug_str     0x0000000000001e86       0xb6 ./emlib/em_system.o
                                        0x2a7 (size before relaxing)
 .debug_str     0x0000000000001f3c      0x216 ./emlib/em_timer.o
                                        0x976 (size before relaxing)
 .debug_str     0x0000000000002152      0x162 ./CMSIS/efm32gg/system_efm32gg.o
                                        0x494 (size before relaxing)
 .debug_str     0x00000000000022b4       0xf5 ./BSP/bsp_stk_leds.o
                                        0x77b (size before relaxing)

.debug_frame    0x0000000000000000      0xef0
 .debug_frame   0x0000000000000000      0x12c ./src/gpio.o
 .debug_frame   0x000000000000012c       0xc0 ./src/main.o
 .debug_frame   0x00000000000001ec      0x1d4 ./src/pwm.o
 .debug_frame   0x00000000000003c0       0xb8 ./src/uart.o
 .debug_frame   0x0000000000000478       0x2c ./emlib/em_assert.o
 .debug_frame   0x00000000000004a4      0x448 ./emlib/em_cmu.o
 .debug_frame   0x00000000000008ec      0x144 ./emlib/em_gpio.o
 .debug_frame   0x0000000000000a30       0x50 ./emlib/em_system.o
 .debug_frame   0x0000000000000a80       0xf0 ./emlib/em_timer.o
 .debug_frame   0x0000000000000b70      0x138 ./CMSIS/efm32gg/system_efm32gg.o
 .debug_frame   0x0000000000000ca8      0x18c ./BSP/bsp_stk_leds.o
 .debug_frame   0x0000000000000e34       0x28 /Applications/SimplicityStudio_v3/developer/toolchains/gnu_arm/4.8_2013q4/bin/../lib/gcc/arm-none-eabi/4.8.3/../../../../arm-none-eabi/lib/armv7-m/libc_s.a(lib_a-exit.o)
 .debug_frame   0x0000000000000e5c       0x2c /Applications/SimplicityStudio_v3/developer/toolchains/gnu_arm/4.8_2013q4/bin/../lib/gcc/arm-none-eabi/4.8.3/../../../../arm-none-eabi/lib/armv7-m/libc_s.a(lib_a-init.o)
 .debug_frame   0x0000000000000e88       0x28 /Applications/SimplicityStudio_v3/developer/toolchains/gnu_arm/4.8_2013q4/bin/../lib/gcc/arm-none-eabi/4.8.3/../../../../arm-none-eabi/lib/armv7-m/libc_s.a(lib_a-memcpy-stub.o)
 .debug_frame   0x0000000000000eb0       0x20 /Applications/SimplicityStudio_v3/developer/toolchains/gnu_arm/4.8_2013q4/bin/../lib/gcc/arm-none-eabi/4.8.3/../../../../arm-none-eabi/lib/armv7-m/libc_s.a(lib_a-memset.o)
 .debug_frame   0x0000000000000ed0       0x20 /Applications/SimplicityStudio_v3/developer/toolchains/gnu_arm/4.8_2013q4/bin/../lib/gcc/arm-none-eabi/4.8.3/../../../../arm-none-eabi/lib/armv7-m/libnosys.a(_exit.o)
